---
source: logos-codegen/tests/codegen.rs
expression: formatted
---
impl<'s> ::logos::Logos<'s> for Token {
    type Error = ();
    type Extras = ();
    type Source = [u8];
    fn lex(
        lex: &mut ::logos::Lexer<'s, Self>,
    ) -> std::option::Option<std::result::Result<Self, Self::Error>> {
        use ::logos::internal::{
            LexerInternal, CallbackRetVal, CallbackResult, SkipRetVal, SkipResult,
        };
        use std::result::Result as _Result;
        use std::option::Option as _Option;
        use ::logos::Logos;
        type _Lexer<'s> = ::logos::Lexer<'s, Token>;
        macro_rules! _fast_loop {
            ($lex:ident, $test:ident, $offset:ident) => {
                'fast_loop : { while let Some(arr) = $lex .read:: < & [u8; 8usize] >
                ($offset) { if $test (arr[0usize]) { $offset += 0usize; break 'fast_loop;
                } if $test (arr[1usize]) { $offset += 1usize; break 'fast_loop; } if
                $test (arr[2usize]) { $offset += 2usize; break 'fast_loop; } if $test
                (arr[3usize]) { $offset += 3usize; break 'fast_loop; } if $test
                (arr[4usize]) { $offset += 4usize; break 'fast_loop; } if $test
                (arr[5usize]) { $offset += 5usize; break 'fast_loop; } if $test
                (arr[6usize]) { $offset += 6usize; break 'fast_loop; } if $test
                (arr[7usize]) { $offset += 7usize; break 'fast_loop; } $offset += 8usize;
                } while let Some(byte) = $lex .read:: < u8 > ($offset) { if $test (byte)
                { break 'fast_loop; } $offset += 1; } }
            };
        }
        macro_rules! _take_action {
            ($lex:ident, $offset:ident, $context:ident, $state:ident) => {
                { let action = _get_action($lex, $offset, $context); match action {
                CallbackResult::Emit(tok) => { return Some(Ok(tok)); },
                CallbackResult::Skip => { $lex .trivia(); $offset = $lex .offset();
                $context = 0usize; $state = LogosState::state8; continue; },
                CallbackResult::Error(err) => { return Some(Err(err)); },
                CallbackResult::DefaultError => { return Some(Err(_make_error($lex))); },
                } }
            };
        }
        #[inline]
        fn _make_error<'s>(lex: &mut _Lexer<'s>) -> <Token as Logos<'s>>::Error {
            <Token as Logos<'s>>::Error::default()
        }
        #[inline]
        fn _get_action<'s>(
            lex: &mut _Lexer<'s>,
            offset: usize,
            context: usize,
        ) -> CallbackResult<'s, Token> {
            match context {
                0 => {
                    lex.end_to_boundary(offset.max(lex.offset() + 1));
                    CallbackResult::Error(_make_error(lex))
                }
                1usize => CallbackResult::Emit(Token::Newline),
                2usize => CallbackResult::Emit(Token::AnyUnicode),
                3usize => CallbackResult::Emit(Token::Any),
                _ => unreachable!(),
            }
        }
        #[derive(Clone, Copy)]
        enum LogosState {
            state0,
            state1,
            state10,
            state11,
            state12,
            state13,
            state14,
            state15,
            state16,
            state17,
            state18,
            state19,
            state2,
            state20,
            state3,
            state4,
            state5,
            state6,
            state7,
            state8,
            state9,
        }
        let mut state = LogosState::state8;
        let mut offset = lex.offset();
        let mut context = 0usize;
        loop {
            match state {
                LogosState::state0 => {
                    let other = lex.read::<u8>(offset);
                    if let Some(byte) = other {} else {}
                    _take_action!(lex, offset, context, state)
                }
                LogosState::state1 => {
                    let other = lex.read::<u8>(offset);
                    if let Some(byte) = other {} else {}
                    _take_action!(lex, offset, context, state)
                }
                LogosState::state2 => {
                    let other = lex.read::<u8>(offset);
                    if let Some(byte) = other {
                        if (matches!(byte, 128u8..= 191u8)) {
                            offset += 1;
                            state = LogosState::state4;
                            continue;
                        }
                    } else {}
                    _take_action!(lex, offset, context, state)
                }
                LogosState::state3 => {
                    let other = lex.read::<u8>(offset);
                    if let Some(byte) = other {} else {}
                    _take_action!(lex, offset, context, state)
                }
                LogosState::state4 => {
                    let other = lex.read::<u8>(offset);
                    if let Some(byte) = other {
                        if (matches!(byte, 128u8..= 191u8)) {
                            offset += 1;
                            state = LogosState::state5;
                            continue;
                        }
                    } else {}
                    _take_action!(lex, offset, context, state)
                }
                LogosState::state5 => {
                    lex.end(offset);
                    context = 2usize;
                    let other = lex.read::<u8>(offset);
                    if let Some(byte) = other {} else {}
                    _take_action!(lex, offset, context, state)
                }
                LogosState::state6 => {
                    let other = lex.read::<u8>(offset);
                    if let Some(byte) = other {} else {}
                    _take_action!(lex, offset, context, state)
                }
                LogosState::state7 => {
                    let other = lex.read::<u8>(offset);
                    if let Some(byte) = other {} else {}
                    _take_action!(lex, offset, context, state)
                }
                LogosState::state8 => {
                    let other = lex.read::<u8>(offset);
                    if let Some(byte) = other {
                        const TABLE: [_Option<LogosState>; 256] = [
                            Some(LogosState::state5),
                            Some(LogosState::state5),
                            Some(LogosState::state5),
                            Some(LogosState::state5),
                            Some(LogosState::state5),
                            Some(LogosState::state5),
                            Some(LogosState::state5),
                            Some(LogosState::state5),
                            Some(LogosState::state5),
                            Some(LogosState::state5),
                            Some(LogosState::state16),
                            Some(LogosState::state5),
                            Some(LogosState::state5),
                            Some(LogosState::state5),
                            Some(LogosState::state5),
                            Some(LogosState::state5),
                            Some(LogosState::state5),
                            Some(LogosState::state5),
                            Some(LogosState::state5),
                            Some(LogosState::state5),
                            Some(LogosState::state5),
                            Some(LogosState::state5),
                            Some(LogosState::state5),
                            Some(LogosState::state5),
                            Some(LogosState::state5),
                            Some(LogosState::state5),
                            Some(LogosState::state5),
                            Some(LogosState::state5),
                            Some(LogosState::state5),
                            Some(LogosState::state5),
                            Some(LogosState::state5),
                            Some(LogosState::state5),
                            Some(LogosState::state5),
                            Some(LogosState::state5),
                            Some(LogosState::state5),
                            Some(LogosState::state5),
                            Some(LogosState::state5),
                            Some(LogosState::state5),
                            Some(LogosState::state5),
                            Some(LogosState::state5),
                            Some(LogosState::state5),
                            Some(LogosState::state5),
                            Some(LogosState::state5),
                            Some(LogosState::state5),
                            Some(LogosState::state5),
                            Some(LogosState::state5),
                            Some(LogosState::state5),
                            Some(LogosState::state5),
                            Some(LogosState::state5),
                            Some(LogosState::state5),
                            Some(LogosState::state5),
                            Some(LogosState::state5),
                            Some(LogosState::state5),
                            Some(LogosState::state5),
                            Some(LogosState::state5),
                            Some(LogosState::state5),
                            Some(LogosState::state5),
                            Some(LogosState::state5),
                            Some(LogosState::state5),
                            Some(LogosState::state5),
                            Some(LogosState::state5),
                            Some(LogosState::state5),
                            Some(LogosState::state5),
                            Some(LogosState::state5),
                            Some(LogosState::state5),
                            Some(LogosState::state5),
                            Some(LogosState::state5),
                            Some(LogosState::state5),
                            Some(LogosState::state5),
                            Some(LogosState::state5),
                            Some(LogosState::state5),
                            Some(LogosState::state5),
                            Some(LogosState::state5),
                            Some(LogosState::state5),
                            Some(LogosState::state5),
                            Some(LogosState::state5),
                            Some(LogosState::state5),
                            Some(LogosState::state5),
                            Some(LogosState::state5),
                            Some(LogosState::state5),
                            Some(LogosState::state5),
                            Some(LogosState::state5),
                            Some(LogosState::state5),
                            Some(LogosState::state5),
                            Some(LogosState::state5),
                            Some(LogosState::state5),
                            Some(LogosState::state5),
                            Some(LogosState::state5),
                            Some(LogosState::state5),
                            Some(LogosState::state5),
                            Some(LogosState::state5),
                            Some(LogosState::state5),
                            Some(LogosState::state5),
                            Some(LogosState::state5),
                            Some(LogosState::state5),
                            Some(LogosState::state5),
                            Some(LogosState::state5),
                            Some(LogosState::state5),
                            Some(LogosState::state5),
                            Some(LogosState::state5),
                            Some(LogosState::state5),
                            Some(LogosState::state5),
                            Some(LogosState::state5),
                            Some(LogosState::state5),
                            Some(LogosState::state5),
                            Some(LogosState::state5),
                            Some(LogosState::state5),
                            Some(LogosState::state5),
                            Some(LogosState::state5),
                            Some(LogosState::state5),
                            Some(LogosState::state5),
                            Some(LogosState::state5),
                            Some(LogosState::state5),
                            Some(LogosState::state5),
                            Some(LogosState::state5),
                            Some(LogosState::state5),
                            Some(LogosState::state5),
                            Some(LogosState::state5),
                            Some(LogosState::state5),
                            Some(LogosState::state5),
                            Some(LogosState::state5),
                            Some(LogosState::state5),
                            Some(LogosState::state5),
                            Some(LogosState::state5),
                            Some(LogosState::state5),
                            Some(LogosState::state5),
                            Some(LogosState::state5),
                            Some(LogosState::state5),
                            Some(LogosState::state17),
                            Some(LogosState::state17),
                            Some(LogosState::state17),
                            Some(LogosState::state17),
                            Some(LogosState::state17),
                            Some(LogosState::state17),
                            Some(LogosState::state17),
                            Some(LogosState::state17),
                            Some(LogosState::state17),
                            Some(LogosState::state17),
                            Some(LogosState::state17),
                            Some(LogosState::state17),
                            Some(LogosState::state17),
                            Some(LogosState::state17),
                            Some(LogosState::state17),
                            Some(LogosState::state17),
                            Some(LogosState::state17),
                            Some(LogosState::state17),
                            Some(LogosState::state17),
                            Some(LogosState::state17),
                            Some(LogosState::state17),
                            Some(LogosState::state17),
                            Some(LogosState::state17),
                            Some(LogosState::state17),
                            Some(LogosState::state17),
                            Some(LogosState::state17),
                            Some(LogosState::state17),
                            Some(LogosState::state17),
                            Some(LogosState::state17),
                            Some(LogosState::state17),
                            Some(LogosState::state17),
                            Some(LogosState::state17),
                            Some(LogosState::state17),
                            Some(LogosState::state17),
                            Some(LogosState::state17),
                            Some(LogosState::state17),
                            Some(LogosState::state17),
                            Some(LogosState::state17),
                            Some(LogosState::state17),
                            Some(LogosState::state17),
                            Some(LogosState::state17),
                            Some(LogosState::state17),
                            Some(LogosState::state17),
                            Some(LogosState::state17),
                            Some(LogosState::state17),
                            Some(LogosState::state17),
                            Some(LogosState::state17),
                            Some(LogosState::state17),
                            Some(LogosState::state17),
                            Some(LogosState::state17),
                            Some(LogosState::state17),
                            Some(LogosState::state17),
                            Some(LogosState::state17),
                            Some(LogosState::state17),
                            Some(LogosState::state17),
                            Some(LogosState::state17),
                            Some(LogosState::state17),
                            Some(LogosState::state17),
                            Some(LogosState::state17),
                            Some(LogosState::state17),
                            Some(LogosState::state17),
                            Some(LogosState::state17),
                            Some(LogosState::state17),
                            Some(LogosState::state17),
                            Some(LogosState::state17),
                            Some(LogosState::state17),
                            Some(LogosState::state18),
                            Some(LogosState::state18),
                            Some(LogosState::state18),
                            Some(LogosState::state18),
                            Some(LogosState::state18),
                            Some(LogosState::state18),
                            Some(LogosState::state18),
                            Some(LogosState::state18),
                            Some(LogosState::state18),
                            Some(LogosState::state18),
                            Some(LogosState::state18),
                            Some(LogosState::state18),
                            Some(LogosState::state18),
                            Some(LogosState::state18),
                            Some(LogosState::state18),
                            Some(LogosState::state18),
                            Some(LogosState::state18),
                            Some(LogosState::state18),
                            Some(LogosState::state18),
                            Some(LogosState::state18),
                            Some(LogosState::state18),
                            Some(LogosState::state18),
                            Some(LogosState::state18),
                            Some(LogosState::state18),
                            Some(LogosState::state18),
                            Some(LogosState::state18),
                            Some(LogosState::state18),
                            Some(LogosState::state18),
                            Some(LogosState::state18),
                            Some(LogosState::state18),
                            Some(LogosState::state19),
                            Some(LogosState::state20),
                            Some(LogosState::state20),
                            Some(LogosState::state20),
                            Some(LogosState::state20),
                            Some(LogosState::state20),
                            Some(LogosState::state20),
                            Some(LogosState::state20),
                            Some(LogosState::state20),
                            Some(LogosState::state20),
                            Some(LogosState::state20),
                            Some(LogosState::state20),
                            Some(LogosState::state20),
                            Some(LogosState::state12),
                            Some(LogosState::state20),
                            Some(LogosState::state20),
                            Some(LogosState::state9),
                            Some(LogosState::state10),
                            Some(LogosState::state10),
                            Some(LogosState::state10),
                            Some(LogosState::state11),
                            Some(LogosState::state17),
                            Some(LogosState::state17),
                            Some(LogosState::state17),
                            Some(LogosState::state17),
                            Some(LogosState::state17),
                            Some(LogosState::state17),
                            Some(LogosState::state17),
                            Some(LogosState::state17),
                            Some(LogosState::state17),
                            Some(LogosState::state17),
                            Some(LogosState::state17),
                        ];
                        let next_state = TABLE[byte as usize];
                        if let Some(next_state) = next_state {
                            offset += 1;
                            state = next_state;
                            continue;
                        }
                    } else {
                        if lex.offset() == offset {
                            return None;
                        }
                    }
                    _take_action!(lex, offset, context, state)
                }
                LogosState::state9 => {
                    lex.end(offset);
                    context = 3usize;
                    let other = lex.read::<u8>(offset);
                    if let Some(byte) = other {
                        if (matches!(byte, 144u8..= 191u8)) {
                            offset += 1;
                            state = LogosState::state2;
                            continue;
                        }
                    } else {}
                    _take_action!(lex, offset, context, state)
                }
                LogosState::state10 => {
                    lex.end(offset);
                    context = 3usize;
                    let other = lex.read::<u8>(offset);
                    if let Some(byte) = other {
                        if (matches!(byte, 128u8..= 191u8)) {
                            offset += 1;
                            state = LogosState::state2;
                            continue;
                        }
                    } else {}
                    _take_action!(lex, offset, context, state)
                }
                LogosState::state11 => {
                    lex.end(offset);
                    context = 3usize;
                    let other = lex.read::<u8>(offset);
                    if let Some(byte) = other {
                        if (matches!(byte, 128u8..= 143u8)) {
                            offset += 1;
                            state = LogosState::state2;
                            continue;
                        }
                    } else {}
                    _take_action!(lex, offset, context, state)
                }
                LogosState::state12 => {
                    lex.end(offset);
                    context = 3usize;
                    let other = lex.read::<u8>(offset);
                    if let Some(byte) = other {
                        if (matches!(byte, 128u8..= 159u8)) {
                            offset += 1;
                            state = LogosState::state4;
                            continue;
                        }
                    } else {}
                    _take_action!(lex, offset, context, state)
                }
                LogosState::state13 => {
                    lex.end(offset);
                    context = 2usize;
                    let other = lex.read::<u8>(offset);
                    if let Some(byte) = other {} else {}
                    _take_action!(lex, offset, context, state)
                }
                LogosState::state14 => {
                    let other = lex.read::<u8>(offset);
                    if let Some(byte) = other {
                        if (matches!(byte, 128u8..= 191u8)) {
                            offset += 1;
                            state = LogosState::state5;
                            continue;
                        }
                    } else {}
                    _take_action!(lex, offset, context, state)
                }
                LogosState::state15 => {
                    lex.end(offset);
                    context = 2usize;
                    let other = lex.read::<u8>(offset);
                    if let Some(byte) = other {} else {}
                    _take_action!(lex, offset, context, state)
                }
                LogosState::state16 => {
                    lex.end(offset);
                    context = 1usize;
                    let other = lex.read::<u8>(offset);
                    if let Some(byte) = other {} else {}
                    _take_action!(lex, offset, context, state)
                }
                LogosState::state17 => {
                    lex.end(offset);
                    context = 3usize;
                    let other = lex.read::<u8>(offset);
                    if let Some(byte) = other {} else {}
                    _take_action!(lex, offset, context, state)
                }
                LogosState::state18 => {
                    lex.end(offset);
                    context = 3usize;
                    let other = lex.read::<u8>(offset);
                    if let Some(byte) = other {
                        if (matches!(byte, 128u8..= 191u8)) {
                            offset += 1;
                            state = LogosState::state5;
                            continue;
                        }
                    } else {}
                    _take_action!(lex, offset, context, state)
                }
                LogosState::state19 => {
                    lex.end(offset);
                    context = 3usize;
                    let other = lex.read::<u8>(offset);
                    if let Some(byte) = other {
                        if (matches!(byte, 160u8..= 191u8)) {
                            offset += 1;
                            state = LogosState::state4;
                            continue;
                        }
                    } else {}
                    _take_action!(lex, offset, context, state)
                }
                LogosState::state20 => {
                    lex.end(offset);
                    context = 3usize;
                    let other = lex.read::<u8>(offset);
                    if let Some(byte) = other {
                        if (matches!(byte, 128u8..= 191u8)) {
                            offset += 1;
                            state = LogosState::state4;
                            continue;
                        }
                    } else {}
                    _take_action!(lex, offset, context, state)
                }
            }
        }
    }
}
