---
source: logos-codegen/tests/export.rs
expression: generated_dot
---
digraph {
node[shape=box];
splines=ortho;
n0[label="State 0",color=black];
n1[label="State 1",color=black];
n2[label="State 2",color=black];
n2->n14 [label="r"];
n3[label="State 3",color=black];
n4[label="State 4",color=green];
n4->n4 [label="a..=z"];
n5[label="State 5",color=green];
n5->n4 [label="a..=b|d..=z"];
n5->n8 [label="c"];
n6[label="State 6",color=black];
n7[label="State 7",color=green];
n7->n4 [label="a..=z"];
n8[label="State 8",color=green];
n8->n4 [label="a..=s|u..=z"];
n8->n9 [label="t"];
n9[label="State 9",color=green];
n9->n4 [label="a..=z"];
n10[label="State 10",color=black];
n11[label="State 11",color=green];
n11->n4 [label="a..=z"];
n12[label="State 12",color=black];
n12->n13 [label="a..=r|t..=z"];
n12->n15 [label="s"];
n13[label="State 13",color=green];
n14[label="State 14",color=green];
n14->n4 [label="a..=t|v..=z"];
n14->n5 [label="u"];
n15[label="State 15",color=green];
n15->n2 [label="t"];
}
