---
source: logos-codegen/src/graph/export.rs
expression: mmd
---
flowchart TB
n0["State 0"]
style n0 stroke:#00C853
n0-->|"e"|n1
n1["State 1"]
style n1 stroke:#00C853
n2["State 2"]
style n2 stroke:#000000
n2-->|"f"|n3
n3["State 3"]
style n3 stroke:#00C853
n3-->|"e"|n0
