---
source: logos-codegen/src/graph/export.rs
expression: dot
---
digraph {
node[shape=box];
splines=ortho;
n0[label="State 0",color=black];
n0->n3 [label="e"];
n1[label="State 1",color=black];
n1->n2 [label="f"];
n2[label="State 2",color=green];
n2->n0 [label="e"];
n3[label="State 3",color=green];
}
